// Jest Snapshot v1, https://goo.gl/fbAQLP

exports[`heapdump warns if --report-on-signal is set, using SIGUSR2 1`] = `"--report-on-signal listens for SIGUSR2 by default, be aware that SIGUSR2 also triggers heapdumps. Use --report-signal to avoid heapdump side-effects https://nodejs.org/api/report.html"`;
