// Jest Snapshot v1, https://goo.gl/fbAQLP

exports[`loadModules doesnt update caches when there are no changes 1`] = `
{
  "browser": {
    "modules": {},
  },
  "legacyBrowser": {
    "modules": {},
  },
}
`;

exports[`loadModules updates the client module map cache 1`] = `
{
  "browser": {
    "modules": {
      "some-root": {
        "baseUrl": "https://example.com/cdn/some-root/2.2.2/",
        "browser": {
          "integrity": "nggdfhr34",
          "url": "https://example.com/cdn/some-root/2.2.2/some-root.browser.js",
        },
      },
    },
  },
  "legacyBrowser": {
    "modules": {
      "some-root": {
        "baseUrl": "https://example.com/cdn/some-root/2.2.2/",
        "legacyBrowser": {
          "integrity": "7567ee",
          "url": "https://example.com/cdn/some-root/2.2.2/some-root.legacy.browser.js",
        },
      },
    },
  },
}
`;
