// Jest Snapshot v1, https://goo.gl/fbAQLP

exports[`onModuleLoad throws when the one app version is incompatible 1`] = `"some-module@1.0.2 is not compatible with this version of one-app (4.43.0-0), it requires ~4.41.0."`;

exports[`onModuleLoad validates csp added to the root module 1`] = `"Root module must provide a valid content security policy."`;
