// Jest Snapshot v1, https://goo.gl/fbAQLP

exports[`pollModuleMap polling monitor logs when polling is considered stopped 1`] = `
[
  "pollModuleMap: running polling monitor",
]
`;

exports[`pollModuleMap polling monitor logs when polling is considered stopped 2`] = `
[
  "pollModuleMap: polling has unexpectedly stopped. Last poll: 11000ms ago, Max poll: 10000ms.",
]
`;

exports[`pollModuleMap polling monitor logs when polling is considered stopped 3`] = `
[
  "pollModuleMap: restarted polling",
]
`;

exports[`pollModuleMap polling monitor logs when polling is not considered stopped 1`] = `
[
  "pollModuleMap: running polling monitor",
]
`;

exports[`pollModuleMap polling monitor logs when polling is not considered stopped 2`] = `
[
  "pollModuleMap: polling is working as expected. Last poll: 2000ms ago, Max poll: 10000ms.",
]
`;
