// Jest Snapshot v1, https://goo.gl/fbAQLP

exports[`PWA should export components and router 1`] = `
Array [
  Array [
    "configurePWA",
    [Function],
  ],
  Array [
    "getClientPWAConfig",
    [Function],
  ],
  Array [
    "getPWAConfig",
    [Function],
  ],
  Array [
    "pwaRouter",
    [Function],
  ],
  Array [
    "pwaBasePath",
    "/_/pwa",
  ],
]
`;
