// Jest Snapshot v1, https://goo.gl/fbAQLP

exports[`service worker middleware components should consistently export 1`] = `
Array [
  Array [
    "getServiceWorkerEnabled",
    [Function],
  ],
  Array [
    "getServiceWorkerScope",
    [Function],
  ],
  Array [
    "getServiceWorkerType",
    [Function],
  ],
  Array [
    "getServiceWorkerScript",
    [Function],
  ],
  Array [
    "setServiceWorkerScript",
    [Function],
  ],
  Array [
    "createServiceWorkerNoopScript",
    [Function],
  ],
  Array [
    "createServiceWorkerScript",
    [Function],
  ],
  Array [
    "createServiceWorkerEscapeHatchScript",
    [Function],
  ],
  Array [
    "configureServiceWorker",
    [Function],
  ],
  Array [
    "serviceWorkerMiddleware",
    [Function],
  ],
]
`;
