// Jest Snapshot v1, https://goo.gl/fbAQLP

exports[`sendHtml renderModuleScripts adds cache busting clientCacheRevision from module map to each module script src if NODE_ENV is production 1`] = `"<script src=\\"https://example.com/cdn/test-root/2.2.2/test-root.browser.js?clientCacheRevision=123\\" crossorigin=\\"anonymous\\" integrity=\\"nggdfhr34\\"></script>"`;

exports[`sendHtml renderModuleScripts does not add cache busting clientCacheRevision from module map to each module script src if NODE_ENV is development 1`] = `"<script src=\\"https://example.com/cdn/test-root/2.2.2/test-root.browser.js\\" crossorigin=\\"anonymous\\" ></script>"`;

exports[`sendHtml renderModuleScripts does not add cache busting clientCacheRevision if not present 1`] = `"<script src=\\"https://example.com/cdn/test-root/2.2.2/test-root.browser.js\\" crossorigin=\\"anonymous\\" integrity=\\"nggdfhr34\\"></script>"`;

exports[`sendHtml renderModuleScripts send a rendered page keeping correctly ordered modules 1`] = `"<script src=\\"https://example.com/cdn/test-root/2.2.2/test-root.browser.js\\" crossorigin=\\"anonymous\\" integrity=\\"dhhfsdfwer\\"></script><script src=\\"https://example.com/cdn/a/2.2.2/a.browser.js\\" crossorigin=\\"anonymous\\" integrity=\\"fhgnt543\\"></script><script src=\\"https://example.com/cdn/b/2.2.2/b.browser.js\\" crossorigin=\\"anonymous\\" integrity=\\"yhrtrhw3\\"></script><script src=\\"https://example.com/cdn/c/2.2.2/c.browser.js\\" crossorigin=\\"anonymous\\" integrity=\\"323egdsbf\\"></script>"`;

exports[`sendHtml renderModuleScripts send a rendered page with correctly ordered modules 1`] = `"<script src=\\"https://example.com/cdn/test-root/2.2.2/test-root.browser.js\\" crossorigin=\\"anonymous\\" integrity=\\"dhhfsdfwer\\"></script><script src=\\"https://example.com/cdn/a/2.2.2/a.browser.js\\" crossorigin=\\"anonymous\\" integrity=\\"fhgnt543\\"></script><script src=\\"https://example.com/cdn/b/2.2.2/b.browser.js\\" crossorigin=\\"anonymous\\" integrity=\\"yhrtrhw3\\"></script><script src=\\"https://example.com/cdn/c/2.2.2/c.browser.js\\" crossorigin=\\"anonymous\\" integrity=\\"323egdsbf\\"></script>"`;

exports[`sendHtml renderModuleScripts send a rendered page with module script tags with integrity attribute if NODE_ENV is production 1`] = `"<script src=\\"https://example.com/cdn/test-root/2.2.2/test-root.browser.js?clientCacheRevision=123\\" crossorigin=\\"anonymous\\" integrity=\\"nggdfhr34\\"></script>"`;

exports[`sendHtml renderModuleScripts sends a rendered page with cross origin scripts 1`] = `"<script src=\\"https://example.com/cdn/test-root/2.2.2/test-root.browser.js\\" crossorigin=\\"anonymous\\" ></script>"`;
