// Jest Snapshot v1, https://goo.gl/fbAQLP

exports[`server index development sets up CLI for proxying and mocking of data 1`] = `
Array [
  "help",
  "version",
  "m",
  "use-middleware",
  "use-host",
]
`;

exports[`server index development sets up CLI for proxying and mocking of data 2`] = `
Array [
  "root-module-name",
  "module-map-url",
  "log-format",
  "log-level",
]
`;

exports[`server index development starts one-app-dev-proxy with remotes derived from provided module endpoints file 1`] = `
Object {
  "test": "https://example.com",
}
`;

exports[`server index ssrServerStart logs errors when listening on the metrics server fails 1`] = `"error encountered starting the metrics server"`;

exports[`server index ssrServerStart logs errors when listening on the server fails 1`] = `[Error: test error]`;
