// Jest Snapshot v1, https://goo.gl/fbAQLP

exports[`server index development sets up CLI for proxying and mocking of data 1`] = `
[
  "help",
  "version",
  "m",
  "use-middleware",
  "use-host",
]
`;

exports[`server index development sets up CLI for proxying and mocking of data 2`] = `
[
  "root-module-name",
  "module-map-url",
  "log-format",
  "log-level",
]
`;

exports[`server index development starts one-app-dev-proxy with remotes derived from provided module endpoints file 1`] = `
{
  "test": "https://example.com",
}
`;
