// Jest Snapshot v1, https://goo.gl/fbAQLP

exports[`initClient should set the holocron module map with the value sent from the server 1`] = `
Immutable.Map {
  "modules": Immutable.Map {
    "module-a": Immutable.Map {
      "baseUrl": "https://example.com/cdn/module-a/1.0.0/",
      "node": Immutable.Map {
        "url": "https://example.com/cdn/module-a/1.0.0/module-a.node.js",
        "integrity": "1234",
      },
      "browser": Immutable.Map {
        "url": "https://example.com/cdn/module-a/1.0.0/module-a.browser.js",
        "integrity": "2345",
      },
      "legacyBrowser": Immutable.Map {
        "url": "https://example.com/cdn/module-a/1.0.0/module-a.legacy.browser.js",
        "integrity": "4636",
      },
    },
  },
}
`;
