// Jest Snapshot v1, https://goo.gl/fbAQLP

exports[`moveHelmetScripts should only move scripts that were injected by react-helmet, ignoring others: helmet scripts 1`] = `
NodeList [
  <script
    data-react-helmet="true"
    src="hello.js"
  />,
  <script
    data-react-helmet="true"
    src="world.js"
  />,
  <script
    data-react-helmet="true"
    src="baz.js"
  />,
]
`;

exports[`moveHelmetScripts should only move scripts that were injected by react-helmet, ignoring others: non-helmet scripts 1`] = `
NodeList [
  <script
    src="foo.js"
  />,
  <script
    src="bar.js"
  />,
]
`;
