// Jest Snapshot v1, https://goo.gl/fbAQLP

exports[`moveHelmetScripts should only move scripts that were injected by react-helmet, ignoring others: non-helmet scripts 1`] = `
NodeList [
  <script
    src="foo.js"
  />,
  <script
    src="bar.js"
  />,
]
`;

exports[`moveHelmetScripts should remove helmet scripts from the body and only append helmet scripts to the head if react-helmet has not already injected them: head helmet scripts 1`] = `
Array [
  <script
    data-react-helmet="true"
    src="hello.js"
  />,
]
`;
